
LENOVO@PC MINGW64 ~/Desktop/learn_git (master)
$ mkadir learn_git
bash: mkadir: command not found

LENOVO@PC MINGW64 ~/Desktop/learn_git (master)
$ cd learn_git
bash: cd: learn_git: No such file or directory

LENOVO@PC MINGW64 ~/Desktop/learn_git (master)
$ touch third.txt

LENOVO@PC MINGW64 ~/Desktop/learn_git (master)
$ git init
Reinitialized existing Git repository in C:/Users/LENOVO/Desktop/learn_git/.git/

LENOVO@PC MINGW64 ~/Desktop/learn_git (master)
$ git add .

LENOVO@PC MINGW64 ~/Desktop/learn_git (master)
$ git log
=: line 1: =: command not found

LENOVO@PC MINGW64 ~/Desktop/learn_git (master)
$ git commit -m "first commit"
[master eed95a7] first commit
 1 file changed, 0 insertions(+), 0 deletions(-)
 rename fourth.txt => third.txt (100%)

LENOVO@PC MINGW64 ~/Desktop/learn_git (master)
$ touch fourth.txt

LENOVO@PC MINGW64 ~/Desktop/learn_git (master)
$ cd fourth.txt
bash: cd: fourth.txt: Not a directory

LENOVO@PC MINGW64 ~/Desktop/learn_git (master)
$ git add .

LENOVO@PC MINGW64 ~/Desktop/learn_git (master)
$ git commit -m "adding fourth.txt"
[master 34b1799] adding fourth.txt
 1 file changed, 0 insertions(+), 0 deletions(-)
 create mode 100644 fourth.txt

LENOVO@PC MINGW64 ~/Desktop/learn_git (master)
$ git rm third.txt
rm 'third.txt'

LENOVO@PC MINGW64 ~/Desktop/learn_git (master)
$ git add .

LENOVO@PC MINGW64 ~/Desktop/learn_git (master)
$ git commit -m "removing third.txt"
[master 0c6641b] removing third.txt
 1 file changed, 0 insertions(+), 0 deletions(-)
 delete mode 100644 third.txt

LENOVO@PC MINGW64 ~/Desktop/learn_git (master)
$ git config --global core.pager = cat

LENOVO@PC MINGW64 ~/Desktop/learn_git (master)
$ git config --global -ls
error: unknown switch `s'
usage: git config [<options>]

Config file location
    --[no-]global         use global config file
    --[no-]system         use system config file
    --[no-]local          use repository config file
    --[no-]worktree       use per-worktree config file
    -f, --[no-]file <file>
                          use given config file
    --[no-]blob <blob-id> read config from given blob object

Action
    --[no-]get            get value: name [value-pattern]
    --[no-]get-all        get all values: key [value-pattern]
    --[no-]get-regexp     get values for regexp: name-regex [value-pattern]
    --[no-]get-urlmatch   get value specific for the URL: section[.var] URL
    --[no-]replace-all    replace all matching variables: name value [value-pattern]
    --[no-]add            add a new variable: name value
    --[no-]unset          remove a variable: name [value-pattern]
    --[no-]unset-all      remove all matches: name [value-pattern]
    --[no-]rename-section rename section: old-name new-name
    --[no-]remove-section remove a section: name
    -l, --[no-]list       list all
    --[no-]fixed-value    use string equality when comparing values to 'value-pattern'
    -e, --[no-]edit       open an editor
    --[no-]get-color      find the color configured: slot [default]
    --[no-]get-colorbool  find the color setting: slot [stdout-is-tty]

Type
    -t, --[no-]type <type>
                          value is given this type
    --bool                value is "true" or "false"
    --int                 value is decimal number
    --bool-or-int         value is --bool or --int
    --bool-or-str         value is --bool or string
    --path                value is a path (file or directory name)
    --expiry-date         value is an expiry date

Other
    -z, --[no-]null       terminate values with NUL byte
    --[no-]name-only      show variable names only
    --[no-]includes       respect include directives on lookup
    --[no-]show-origin    show origin of config (file, standard input, blob, command line)
    --[no-]show-scope     show scope of config (worktree, local, global, system, command)
    --[no-]default <value>
                          with --get, use default value when missing entry
    --[no-]comment <value>
                          human-readable comment string (# will be prepended as needed)


LENOVO@PC MINGW64 ~/Desktop/learn_git (master)
$
